mode: set
franchise-saas-backend/internal/services/admin_service.go:21.49,26.2 1 0
franchise-saas-backend/internal/services/admin_service.go:29.76,53.23 16 0
franchise-saas-backend/internal/services/admin_service.go:53.23,55.3 1 0
franchise-saas-backend/internal/services/admin_service.go:57.2,78.8 4 0
franchise-saas-backend/internal/services/admin_service.go:82.93,101.2 3 0
franchise-saas-backend/internal/services/admin_service.go:104.103,111.2 3 0
franchise-saas-backend/internal/services/admin_service.go:114.84,121.2 3 0
franchise-saas-backend/internal/services/admin_service.go:124.76,127.16 3 0
franchise-saas-backend/internal/services/admin_service.go:127.16,129.3 1 0
franchise-saas-backend/internal/services/admin_service.go:130.2,130.21 1 0
franchise-saas-backend/internal/services/admin_service.go:145.87,154.51 2 0
franchise-saas-backend/internal/services/admin_service.go:154.51,156.3 1 0
franchise-saas-backend/internal/services/admin_service.go:157.2,157.28 1 0
franchise-saas-backend/internal/services/admin_service.go:157.28,167.3 3 0
franchise-saas-backend/internal/services/admin_service.go:168.2,168.21 1 0
franchise-saas-backend/internal/services/admin_service.go:172.111,174.16 2 0
franchise-saas-backend/internal/services/admin_service.go:174.16,176.3 1 0
franchise-saas-backend/internal/services/admin_service.go:177.2,177.19 1 0
franchise-saas-backend/internal/services/admin_service.go:177.19,179.3 1 0
franchise-saas-backend/internal/services/admin_service.go:180.2,180.22 1 0
franchise-saas-backend/internal/services/admin_service.go:180.22,182.3 1 0
franchise-saas-backend/internal/services/admin_service.go:183.2,183.80 1 0
franchise-saas-backend/internal/services/admin_service.go:187.56,189.2 1 0
franchise-saas-backend/internal/services/admin_service.go:192.58,194.2 1 0
franchise-saas-backend/internal/services/admin_service.go:197.57,200.2 2 0
franchise-saas-backend/internal/services/admin_service.go:204.61,208.2 3 0
franchise-saas-backend/internal/services/admin_service.go:210.99,216.49 2 0
franchise-saas-backend/internal/services/admin_service.go:216.49,218.3 1 0
franchise-saas-backend/internal/services/admin_service.go:219.2,219.19 1 0
franchise-saas-backend/internal/services/admin_service.go:223.113,225.52 2 0
franchise-saas-backend/internal/services/admin_service.go:225.52,227.3 1 0
franchise-saas-backend/internal/services/admin_service.go:229.2,233.47 4 0
franchise-saas-backend/internal/services/admin_service.go:233.47,235.3 1 0
franchise-saas-backend/internal/services/admin_service.go:236.2,236.19 1 0
franchise-saas-backend/internal/services/admin_service.go:240.55,242.2 1 0
franchise-saas-backend/internal/services/admin_service.go:246.138,254.48 2 0
franchise-saas-backend/internal/services/admin_service.go:254.48,256.3 1 0
franchise-saas-backend/internal/services/admin_service.go:257.2,257.18 1 0
franchise-saas-backend/internal/services/admin_service.go:260.75,268.2 3 0
franchise-saas-backend/internal/services/admin_service.go:270.67,276.2 2 0
franchise-saas-backend/internal/services/admin_service.go:297.71,316.13 8 0
franchise-saas-backend/internal/services/admin_service.go:316.13,318.3 1 0
franchise-saas-backend/internal/services/admin_service.go:321.2,336.15 8 0
franchise-saas-backend/internal/services/admin_service.go:336.15,338.3 1 0
franchise-saas-backend/internal/services/admin_service.go:340.2,351.8 1 0
franchise-saas-backend/internal/services/admin_service.go:357.78,364.20 5 0
franchise-saas-backend/internal/services/admin_service.go:364.20,366.3 1 0
franchise-saas-backend/internal/services/admin_service.go:369.2,379.22 8 0
franchise-saas-backend/internal/services/admin_service.go:379.22,381.3 1 0
franchise-saas-backend/internal/services/admin_service.go:383.2,395.8 1 0
franchise-saas-backend/internal/services/admin_service.go:410.66,413.82 2 0
franchise-saas-backend/internal/services/admin_service.go:413.82,415.3 1 0
franchise-saas-backend/internal/services/admin_service.go:417.2,421.28 4 0
franchise-saas-backend/internal/services/admin_service.go:421.28,426.52 3 0
franchise-saas-backend/internal/services/admin_service.go:426.52,429.4 2 0
franchise-saas-backend/internal/services/admin_service.go:433.3,437.29 4 0
franchise-saas-backend/internal/services/admin_service.go:437.29,439.47 2 0
franchise-saas-backend/internal/services/admin_service.go:439.47,442.5 2 0
franchise-saas-backend/internal/services/admin_service.go:443.9,446.4 2 0
franchise-saas-backend/internal/services/admin_service.go:450.3,452.16 3 0
franchise-saas-backend/internal/services/admin_service.go:452.16,455.18 3 0
franchise-saas-backend/internal/services/admin_service.go:455.18,458.5 2 0
franchise-saas-backend/internal/services/admin_service.go:462.3,462.48 1 0
franchise-saas-backend/internal/services/admin_service.go:462.48,471.4 1 0
franchise-saas-backend/internal/services/admin_service.go:476.2,476.34 1 0
franchise-saas-backend/internal/services/admin_service.go:476.34,477.39 1 0
franchise-saas-backend/internal/services/admin_service.go:477.39,478.51 1 0
franchise-saas-backend/internal/services/admin_service.go:478.51,480.5 1 0
franchise-saas-backend/internal/services/admin_service.go:484.2,484.19 1 0
franchise-saas-backend/internal/services/admin_service.go:490.75,501.26 6 0
franchise-saas-backend/internal/services/admin_service.go:501.26,503.3 1 0
franchise-saas-backend/internal/services/admin_service.go:508.2,512.29 4 0
franchise-saas-backend/internal/services/admin_service.go:512.29,514.3 1 0
franchise-saas-backend/internal/services/admin_service.go:516.2,521.29 5 0
franchise-saas-backend/internal/services/admin_service.go:521.29,523.3 1 0
franchise-saas-backend/internal/services/admin_service.go:527.2,528.13 2 0
franchise-saas-backend/internal/services/admin_service.go:528.13,530.3 1 0
franchise-saas-backend/internal/services/admin_service.go:532.2,538.8 1 0
franchise-saas-backend/internal/services/admin_service.go:542.67,549.2 2 0
franchise-saas-backend/internal/services/alert_service.go:20.95,22.2 1 0
franchise-saas-backend/internal/services/alert_service.go:25.115,38.2 5 0
franchise-saas-backend/internal/services/alert_service.go:41.89,45.2 1 0
franchise-saas-backend/internal/services/alert_service.go:48.91,50.56 2 0
franchise-saas-backend/internal/services/alert_service.go:50.56,52.3 1 0
franchise-saas-backend/internal/services/alert_service.go:54.2,54.25 1 0
franchise-saas-backend/internal/services/alert_service.go:54.25,56.3 1 0
franchise-saas-backend/internal/services/alert_service.go:57.2,67.43 6 0
franchise-saas-backend/internal/services/alert_service.go:67.43,80.3 2 0
franchise-saas-backend/internal/services/alert_service.go:83.2,88.35 4 0
franchise-saas-backend/internal/services/alert_service.go:88.35,101.3 2 0
franchise-saas-backend/internal/services/alert_service.go:104.2,113.21 5 0
franchise-saas-backend/internal/services/alert_service.go:113.21,119.16 4 0
franchise-saas-backend/internal/services/alert_service.go:119.16,132.4 2 0
franchise-saas-backend/internal/services/alert_service.go:136.2,146.18 5 0
franchise-saas-backend/internal/services/alert_service.go:146.18,150.16 3 0
franchise-saas-backend/internal/services/alert_service.go:150.16,163.4 2 0
franchise-saas-backend/internal/services/alert_service.go:166.2,166.12 1 0
franchise-saas-backend/internal/services/alert_service.go:169.37,172.2 2 0
franchise-saas-backend/internal/services/alert_service.go:174.36,176.2 1 0
franchise-saas-backend/internal/services/auth_service.go:25.47,30.2 1 0
franchise-saas-backend/internal/services/auth_service.go:33.122,37.16 3 0
franchise-saas-backend/internal/services/auth_service.go:37.16,39.3 1 0
franchise-saas-backend/internal/services/auth_service.go:40.2,43.66 3 0
franchise-saas-backend/internal/services/auth_service.go:43.66,45.3 1 0
franchise-saas-backend/internal/services/auth_service.go:47.2,52.57 5 0
franchise-saas-backend/internal/services/auth_service.go:52.57,54.3 1 0
franchise-saas-backend/internal/services/auth_service.go:55.2,55.18 1 0
franchise-saas-backend/internal/services/auth_service.go:59.92,61.16 2 0
franchise-saas-backend/internal/services/auth_service.go:61.16,63.3 1 0
franchise-saas-backend/internal/services/auth_service.go:64.2,68.74 4 0
franchise-saas-backend/internal/services/auth_service.go:68.74,70.3 1 0
franchise-saas-backend/internal/services/auth_service.go:71.2,71.18 1 0
franchise-saas-backend/internal/services/auth_service.go:75.82,77.16 2 0
franchise-saas-backend/internal/services/auth_service.go:77.16,79.3 1 0
franchise-saas-backend/internal/services/auth_service.go:82.2,82.87 1 0
franchise-saas-backend/internal/services/auth_service.go:82.87,84.3 1 0
franchise-saas-backend/internal/services/auth_service.go:90.2,91.16 2 0
franchise-saas-backend/internal/services/auth_service.go:91.16,93.3 1 0
franchise-saas-backend/internal/services/auth_service.go:95.2,95.23 1 0
franchise-saas-backend/internal/services/auth_service.go:99.153,101.18 2 0
franchise-saas-backend/internal/services/auth_service.go:101.18,103.3 1 0
franchise-saas-backend/internal/services/auth_service.go:105.2,106.21 2 0
franchise-saas-backend/internal/services/auth_service.go:106.21,108.3 1 0
franchise-saas-backend/internal/services/auth_service.go:110.2,111.20 2 0
franchise-saas-backend/internal/services/auth_service.go:111.20,113.3 1 0
franchise-saas-backend/internal/services/auth_service.go:115.2,134.35 6 0
franchise-saas-backend/internal/services/auth_service.go:138.85,141.87 2 0
franchise-saas-backend/internal/services/auth_service.go:141.87,143.3 1 0
franchise-saas-backend/internal/services/auth_service.go:144.2,144.32 1 0
franchise-saas-backend/internal/services/auth_service.go:144.32,146.3 1 0
franchise-saas-backend/internal/services/auth_service.go:148.2,149.9 2 0
franchise-saas-backend/internal/services/auth_service.go:149.9,151.3 1 0
franchise-saas-backend/internal/services/auth_service.go:153.2,154.9 2 0
franchise-saas-backend/internal/services/auth_service.go:154.9,156.3 1 0
franchise-saas-backend/internal/services/auth_service.go:158.2,159.19 2 0
franchise-saas-backend/internal/services/auth_service.go:159.19,161.3 1 0
franchise-saas-backend/internal/services/auth_service.go:163.2,165.16 3 0
franchise-saas-backend/internal/services/auth_service.go:165.16,167.3 1 0
franchise-saas-backend/internal/services/auth_service.go:169.2,169.86 1 0
franchise-saas-backend/internal/services/auth_service.go:173.71,175.2 1 0
franchise-saas-backend/internal/services/checklist_service.go:18.57,22.2 1 0
franchise-saas-backend/internal/services/checklist_service.go:25.155,27.40 1 0
franchise-saas-backend/internal/services/checklist_service.go:27.40,29.3 1 0
franchise-saas-backend/internal/services/checklist_service.go:32.2,32.72 1 0
franchise-saas-backend/internal/services/checklist_service.go:35.115,37.2 1 0
franchise-saas-backend/internal/services/checklist_service.go:39.119,41.2 1 0
franchise-saas-backend/internal/services/checklist_service.go:43.107,45.2 1 0
franchise-saas-backend/internal/services/checklist_service.go:47.94,51.2 3 0
franchise-saas-backend/internal/services/checklist_service.go:53.94,56.2 2 0
franchise-saas-backend/internal/services/checklist_service.go:59.97,61.16 2 0
franchise-saas-backend/internal/services/checklist_service.go:61.16,63.3 1 0
franchise-saas-backend/internal/services/checklist_service.go:68.2,70.41 3 0
franchise-saas-backend/internal/services/checklist_service.go:73.87,76.2 1 0
franchise-saas-backend/internal/services/checklist_service.go:78.85,80.2 1 0
franchise-saas-backend/internal/services/goal_service.go:50.62,50.94 1 0
franchise-saas-backend/internal/services/goal_service.go:53.56,61.42 2 0
franchise-saas-backend/internal/services/goal_service.go:61.42,62.24 1 0
franchise-saas-backend/internal/services/goal_service.go:62.24,64.4 1 0
franchise-saas-backend/internal/services/goal_service.go:66.2,66.14 1 0
franchise-saas-backend/internal/services/goal_service.go:70.125,72.40 2 0
franchise-saas-backend/internal/services/goal_service.go:72.40,74.3 1 0
franchise-saas-backend/internal/services/goal_service.go:76.2,77.16 2 0
franchise-saas-backend/internal/services/goal_service.go:77.16,79.3 1 0
franchise-saas-backend/internal/services/goal_service.go:81.2,82.75 2 0
franchise-saas-backend/internal/services/goal_service.go:82.75,84.3 1 0
franchise-saas-backend/internal/services/goal_service.go:84.8,84.77 1 0
franchise-saas-backend/internal/services/goal_service.go:84.77,86.3 1 0
franchise-saas-backend/internal/services/goal_service.go:88.2,90.25 2 0
franchise-saas-backend/internal/services/goal_service.go:90.25,92.3 1 0
franchise-saas-backend/internal/services/goal_service.go:93.2,93.23 1 0
franchise-saas-backend/internal/services/goal_service.go:93.23,95.3 1 0
franchise-saas-backend/internal/services/goal_service.go:96.2,96.45 1 0
franchise-saas-backend/internal/services/goal_service.go:96.45,98.3 1 0
franchise-saas-backend/internal/services/goal_service.go:99.2,99.45 1 0
franchise-saas-backend/internal/services/goal_service.go:99.45,101.3 1 0
franchise-saas-backend/internal/services/goal_service.go:102.2,117.20 3 0
franchise-saas-backend/internal/services/goal_service.go:117.20,120.3 2 0
franchise-saas-backend/internal/services/goal_service.go:121.2,121.49 1 0
franchise-saas-backend/internal/services/goal_service.go:121.49,123.3 1 0
franchise-saas-backend/internal/services/goal_service.go:124.2,124.18 1 0
franchise-saas-backend/internal/services/goal_service.go:128.136,130.16 2 0
franchise-saas-backend/internal/services/goal_service.go:130.16,132.3 1 0
franchise-saas-backend/internal/services/goal_service.go:134.2,134.23 1 0
franchise-saas-backend/internal/services/goal_service.go:134.23,136.3 1 0
franchise-saas-backend/internal/services/goal_service.go:137.2,137.23 1 0
franchise-saas-backend/internal/services/goal_service.go:137.23,139.3 1 0
franchise-saas-backend/internal/services/goal_service.go:140.2,140.23 1 0
franchise-saas-backend/internal/services/goal_service.go:140.23,142.3 1 0
franchise-saas-backend/internal/services/goal_service.go:143.2,143.26 1 0
franchise-saas-backend/internal/services/goal_service.go:143.26,145.3 1 0
franchise-saas-backend/internal/services/goal_service.go:146.2,146.22 1 0
franchise-saas-backend/internal/services/goal_service.go:146.22,148.3 1 0
franchise-saas-backend/internal/services/goal_service.go:149.2,149.25 1 0
franchise-saas-backend/internal/services/goal_service.go:149.25,151.3 1 0
franchise-saas-backend/internal/services/goal_service.go:152.2,152.23 1 0
franchise-saas-backend/internal/services/goal_service.go:152.23,154.3 1 0
franchise-saas-backend/internal/services/goal_service.go:156.2,156.49 1 0
franchise-saas-backend/internal/services/goal_service.go:156.49,158.3 1 0
franchise-saas-backend/internal/services/goal_service.go:159.2,159.18 1 0
franchise-saas-backend/internal/services/goal_service.go:163.111,165.2 1 0
franchise-saas-backend/internal/services/goal_service.go:168.114,170.2 1 0
franchise-saas-backend/internal/services/goal_service.go:173.72,175.2 1 0
franchise-saas-backend/internal/services/kpi_service.go:21.121,23.2 1 0
franchise-saas-backend/internal/services/kpi_service.go:26.81,28.2 1 0
franchise-saas-backend/internal/services/kpi_service.go:30.154,40.15 6 0
franchise-saas-backend/internal/services/kpi_service.go:40.15,42.3 1 0
franchise-saas-backend/internal/services/kpi_service.go:42.8,44.3 1 0
franchise-saas-backend/internal/services/kpi_service.go:46.2,46.49 1 0
franchise-saas-backend/internal/services/kpi_service.go:46.49,48.3 1 0
franchise-saas-backend/internal/services/kpi_service.go:49.2,49.17 1 0
franchise-saas-backend/internal/services/kpi_service.go:49.17,51.3 1 0
franchise-saas-backend/internal/services/kpi_service.go:54.2,56.15 3 0
franchise-saas-backend/internal/services/kpi_service.go:56.15,58.3 1 0
franchise-saas-backend/internal/services/kpi_service.go:58.8,60.3 1 0
franchise-saas-backend/internal/services/kpi_service.go:61.2,66.15 4 0
franchise-saas-backend/internal/services/kpi_service.go:66.15,68.3 1 0
franchise-saas-backend/internal/services/kpi_service.go:68.8,70.3 1 0
franchise-saas-backend/internal/services/kpi_service.go:71.2,76.15 4 0
franchise-saas-backend/internal/services/kpi_service.go:76.15,78.3 1 0
franchise-saas-backend/internal/services/kpi_service.go:78.8,80.3 1 0
franchise-saas-backend/internal/services/kpi_service.go:82.2,91.18 7 0
franchise-saas-backend/internal/services/kpi_service.go:95.129,99.16 3 0
franchise-saas-backend/internal/services/kpi_service.go:100.14,102.12 2 0
franchise-saas-backend/internal/services/kpi_service.go:103.15,105.12 2 0
franchise-saas-backend/internal/services/kpi_service.go:106.10,108.12 2 0
franchise-saas-backend/internal/services/kpi_service.go:111.2,112.85 2 0
franchise-saas-backend/internal/services/kpi_service.go:112.85,114.3 1 0
franchise-saas-backend/internal/services/kpi_service.go:116.2,118.31 2 0
franchise-saas-backend/internal/services/kpi_service.go:118.31,119.25 1 0
franchise-saas-backend/internal/services/kpi_service.go:119.25,120.12 1 0
franchise-saas-backend/internal/services/kpi_service.go:124.3,181.5 19 0
franchise-saas-backend/internal/services/kpi_service.go:184.2,184.21 1 0
franchise-saas-backend/internal/services/kpi_service.go:187.61,189.14 2 0
franchise-saas-backend/internal/services/kpi_service.go:189.14,191.14 2 0
franchise-saas-backend/internal/services/kpi_service.go:191.14,193.4 1 0
franchise-saas-backend/internal/services/kpi_service.go:195.2,195.59 1 0
franchise-saas-backend/internal/services/kpi_service.go:198.58,200.2 1 0
franchise-saas-backend/internal/services/kpi_service.go:202.45,203.15 1 0
franchise-saas-backend/internal/services/kpi_service.go:203.15,205.3 1 0
franchise-saas-backend/internal/services/kpi_service.go:206.2,207.13 2 0
franchise-saas-backend/internal/services/kpi_service.go:207.13,209.3 1 0
franchise-saas-backend/internal/services/kpi_service.go:210.2,210.10 1 0
franchise-saas-backend/internal/services/kpi_service.go:214.133,217.19 2 0
franchise-saas-backend/internal/services/kpi_service.go:217.19,218.67 1 0
franchise-saas-backend/internal/services/kpi_service.go:218.67,220.4 1 0
franchise-saas-backend/internal/services/kpi_service.go:223.2,227.56 3 0
franchise-saas-backend/internal/services/kpi_service.go:227.56,229.3 1 0
franchise-saas-backend/internal/services/kpi_service.go:230.2,230.25 1 0
franchise-saas-backend/internal/services/kpi_service.go:230.25,232.3 1 0
franchise-saas-backend/internal/services/kpi_service.go:233.2,248.20 6 0
franchise-saas-backend/internal/services/kpi_service.go:248.20,252.3 1 0
franchise-saas-backend/internal/services/kpi_service.go:255.2,272.19 7 0
franchise-saas-backend/internal/services/kpi_service.go:272.19,275.29 3 0
franchise-saas-backend/internal/services/kpi_service.go:275.29,277.4 1 0
franchise-saas-backend/internal/services/kpi_service.go:278.8,280.20 1 0
franchise-saas-backend/internal/services/kpi_service.go:280.20,282.4 1 0
franchise-saas-backend/internal/services/kpi_service.go:289.2,302.24 7 0
franchise-saas-backend/internal/services/kpi_service.go:302.24,304.3 1 0
franchise-saas-backend/internal/services/kpi_service.go:305.2,305.22 1 0
franchise-saas-backend/internal/services/kpi_service.go:305.22,307.3 1 0
franchise-saas-backend/internal/services/kpi_service.go:313.2,317.19 5 0
franchise-saas-backend/internal/services/kpi_service.go:317.19,319.26 2 0
franchise-saas-backend/internal/services/kpi_service.go:319.26,321.4 1 0
franchise-saas-backend/internal/services/kpi_service.go:327.2,331.20 3 0
franchise-saas-backend/internal/services/kpi_service.go:331.20,333.3 1 0
franchise-saas-backend/internal/services/kpi_service.go:338.2,365.38 11 0
franchise-saas-backend/internal/services/kpi_service.go:365.38,367.3 1 0
franchise-saas-backend/internal/services/kpi_service.go:367.8,367.47 1 0
franchise-saas-backend/internal/services/kpi_service.go:367.47,369.3 1 0
franchise-saas-backend/internal/services/kpi_service.go:369.8,371.3 1 0
franchise-saas-backend/internal/services/kpi_service.go:374.2,382.20 4 0
franchise-saas-backend/internal/services/kpi_service.go:382.20,384.24 2 0
franchise-saas-backend/internal/services/kpi_service.go:384.24,386.4 1 0
franchise-saas-backend/internal/services/kpi_service.go:386.9,386.31 1 0
franchise-saas-backend/internal/services/kpi_service.go:386.31,388.4 1 0
franchise-saas-backend/internal/services/kpi_service.go:388.9,390.4 1 0
franchise-saas-backend/internal/services/kpi_service.go:391.8,393.3 1 0
franchise-saas-backend/internal/services/kpi_service.go:396.2,401.20 3 0
franchise-saas-backend/internal/services/kpi_service.go:401.20,403.25 2 0
franchise-saas-backend/internal/services/kpi_service.go:403.25,405.4 1 0
franchise-saas-backend/internal/services/kpi_service.go:405.9,405.32 1 0
franchise-saas-backend/internal/services/kpi_service.go:405.32,407.4 1 0
franchise-saas-backend/internal/services/kpi_service.go:407.9,409.4 1 0
franchise-saas-backend/internal/services/kpi_service.go:410.8,412.3 1 0
franchise-saas-backend/internal/services/kpi_service.go:417.2,421.30 3 0
franchise-saas-backend/internal/services/kpi_service.go:421.30,429.3 1 0
franchise-saas-backend/internal/services/kpi_service.go:431.2,431.18 1 0
franchise-saas-backend/internal/services/kpi_service.go:435.137,437.19 2 0
franchise-saas-backend/internal/services/kpi_service.go:437.19,438.67 1 0
franchise-saas-backend/internal/services/kpi_service.go:438.67,440.4 1 0
franchise-saas-backend/internal/services/kpi_service.go:443.2,451.56 3 0
franchise-saas-backend/internal/services/kpi_service.go:451.56,453.3 1 0
franchise-saas-backend/internal/services/kpi_service.go:454.2,454.25 1 0
franchise-saas-backend/internal/services/kpi_service.go:454.25,456.3 1 0
franchise-saas-backend/internal/services/kpi_service.go:457.2,469.16 5 0
franchise-saas-backend/internal/services/kpi_service.go:469.16,471.19 2 0
franchise-saas-backend/internal/services/kpi_service.go:471.19,478.4 6 0
franchise-saas-backend/internal/services/kpi_service.go:482.2,483.33 2 0
franchise-saas-backend/internal/services/kpi_service.go:483.33,485.3 1 0
franchise-saas-backend/internal/services/kpi_service.go:488.2,489.66 2 0
franchise-saas-backend/internal/services/kpi_service.go:489.66,491.20 2 0
franchise-saas-backend/internal/services/kpi_service.go:491.20,493.4 1 0
franchise-saas-backend/internal/services/kpi_service.go:494.3,501.20 2 0
franchise-saas-backend/internal/services/kpi_service.go:505.2,520.32 11 0
franchise-saas-backend/internal/services/kpi_service.go:520.32,532.3 2 0
franchise-saas-backend/internal/services/kpi_service.go:535.2,541.34 4 0
franchise-saas-backend/internal/services/kpi_service.go:541.34,543.33 2 0
franchise-saas-backend/internal/services/kpi_service.go:543.33,545.4 1 0
franchise-saas-backend/internal/services/kpi_service.go:546.3,555.5 1 0
franchise-saas-backend/internal/services/kpi_service.go:558.2,558.18 1 0
franchise-saas-backend/internal/services/kpi_service.go:562.141,564.19 2 0
franchise-saas-backend/internal/services/kpi_service.go:564.19,565.67 1 0
franchise-saas-backend/internal/services/kpi_service.go:565.67,567.4 1 0
franchise-saas-backend/internal/services/kpi_service.go:570.2,571.16 2 0
franchise-saas-backend/internal/services/kpi_service.go:572.14,574.23 2 0
franchise-saas-backend/internal/services/kpi_service.go:575.15,577.23 2 0
franchise-saas-backend/internal/services/kpi_service.go:578.17,581.23 3 0
franchise-saas-backend/internal/services/kpi_service.go:582.10,584.23 2 0
franchise-saas-backend/internal/services/kpi_service.go:587.2,597.56 3 0
franchise-saas-backend/internal/services/kpi_service.go:597.56,599.3 1 0
franchise-saas-backend/internal/services/kpi_service.go:600.2,600.25 1 0
franchise-saas-backend/internal/services/kpi_service.go:600.25,602.3 1 0
franchise-saas-backend/internal/services/kpi_service.go:603.2,612.31 6 0
franchise-saas-backend/internal/services/kpi_service.go:612.31,629.21 8 0
franchise-saas-backend/internal/services/kpi_service.go:629.21,631.4 1 0
franchise-saas-backend/internal/services/kpi_service.go:633.3,634.16 2 0
franchise-saas-backend/internal/services/kpi_service.go:634.16,636.4 1 0
franchise-saas-backend/internal/services/kpi_service.go:638.3,643.21 5 0
franchise-saas-backend/internal/services/kpi_service.go:643.21,646.4 2 0
franchise-saas-backend/internal/services/kpi_service.go:647.3,647.19 1 0
franchise-saas-backend/internal/services/kpi_service.go:647.19,650.4 2 0
franchise-saas-backend/internal/services/kpi_service.go:652.3,667.5 1 0
franchise-saas-backend/internal/services/kpi_service.go:670.2,670.23 1 0
franchise-saas-backend/internal/services/kpi_service.go:670.23,673.26 3 0
franchise-saas-backend/internal/services/kpi_service.go:673.26,675.4 1 0
franchise-saas-backend/internal/services/kpi_service.go:676.3,676.21 1 0
franchise-saas-backend/internal/services/kpi_service.go:676.21,678.4 1 0
franchise-saas-backend/internal/services/kpi_service.go:681.2,681.32 1 0
franchise-saas-backend/internal/services/kpi_service.go:681.32,682.26 1 0
franchise-saas-backend/internal/services/kpi_service.go:682.26,684.4 1 0
franchise-saas-backend/internal/services/kpi_service.go:685.3,686.19 2 0
franchise-saas-backend/internal/services/kpi_service.go:686.19,688.4 1 0
franchise-saas-backend/internal/services/kpi_service.go:689.3,689.29 1 0
franchise-saas-backend/internal/services/kpi_service.go:689.29,691.4 1 0
franchise-saas-backend/internal/services/kpi_service.go:692.3,692.24 1 0
franchise-saas-backend/internal/services/kpi_service.go:692.24,694.4 1 0
franchise-saas-backend/internal/services/kpi_service.go:697.2,697.45 1 0
franchise-saas-backend/internal/services/kpi_service.go:697.45,698.48 1 0
franchise-saas-backend/internal/services/kpi_service.go:698.48,699.61 1 0
franchise-saas-backend/internal/services/kpi_service.go:699.61,701.5 1 0
franchise-saas-backend/internal/services/kpi_service.go:705.2,705.18 1 0
franchise-saas-backend/internal/services/kpi_service.go:709.129,713.35 3 0
franchise-saas-backend/internal/services/kpi_service.go:713.35,728.16 8 0
franchise-saas-backend/internal/services/kpi_service.go:728.16,730.4 1 0
franchise-saas-backend/internal/services/kpi_service.go:732.3,737.5 1 0
franchise-saas-backend/internal/services/kpi_service.go:740.2,740.18 1 0
franchise-saas-backend/internal/services/kpi_service.go:744.141,746.19 2 0
franchise-saas-backend/internal/services/kpi_service.go:746.19,747.67 1 0
franchise-saas-backend/internal/services/kpi_service.go:747.67,749.4 1 0
franchise-saas-backend/internal/services/kpi_service.go:752.2,761.56 3 0
franchise-saas-backend/internal/services/kpi_service.go:761.56,763.3 1 0
franchise-saas-backend/internal/services/kpi_service.go:764.2,764.25 1 0
franchise-saas-backend/internal/services/kpi_service.go:764.25,766.3 1 0
franchise-saas-backend/internal/services/kpi_service.go:767.2,796.16 10 0
franchise-saas-backend/internal/services/kpi_service.go:796.16,798.19 2 0
franchise-saas-backend/internal/services/kpi_service.go:798.19,801.21 3 0
franchise-saas-backend/internal/services/kpi_service.go:801.21,803.5 1 0
franchise-saas-backend/internal/services/kpi_service.go:807.2,807.38 1 0
franchise-saas-backend/internal/services/kpi_service.go:807.38,809.23 2 0
franchise-saas-backend/internal/services/kpi_service.go:809.23,811.4 1 0
franchise-saas-backend/internal/services/kpi_service.go:812.3,821.5 1 0
franchise-saas-backend/internal/services/kpi_service.go:826.2,827.38 2 0
franchise-saas-backend/internal/services/kpi_service.go:827.38,832.20 5 0
franchise-saas-backend/internal/services/kpi_service.go:832.20,834.4 1 0
franchise-saas-backend/internal/services/kpi_service.go:835.3,843.5 1 0
franchise-saas-backend/internal/services/kpi_service.go:847.2,853.43 2 0
franchise-saas-backend/internal/services/kpi_service.go:853.43,860.3 2 0
franchise-saas-backend/internal/services/kpi_service.go:863.2,864.33 2 0
franchise-saas-backend/internal/services/kpi_service.go:864.33,872.3 3 0
franchise-saas-backend/internal/services/kpi_service.go:874.2,874.18 1 0
franchise-saas-backend/internal/services/kpi_service.go:878.135,892.56 3 0
franchise-saas-backend/internal/services/kpi_service.go:892.56,894.3 1 0
franchise-saas-backend/internal/services/kpi_service.go:895.2,895.25 1 0
franchise-saas-backend/internal/services/kpi_service.go:895.25,897.3 1 0
franchise-saas-backend/internal/services/kpi_service.go:898.2,909.21 5 0
franchise-saas-backend/internal/services/kpi_service.go:909.21,913.3 1 0
franchise-saas-backend/internal/services/kpi_service.go:916.2,916.21 1 0
franchise-saas-backend/internal/services/kpi_service.go:916.21,920.3 3 0
franchise-saas-backend/internal/services/kpi_service.go:922.2,927.93 4 0
franchise-saas-backend/internal/services/kpi_service.go:927.93,931.3 1 0
franchise-saas-backend/internal/services/kpi_service.go:933.2,934.20 2 0
franchise-saas-backend/internal/services/kpi_service.go:934.20,936.20 2 0
franchise-saas-backend/internal/services/kpi_service.go:936.20,938.4 1 0
franchise-saas-backend/internal/services/kpi_service.go:941.2,967.20 8 0
franchise-saas-backend/internal/services/kpi_service.go:967.20,969.3 1 0
franchise-saas-backend/internal/services/kpi_service.go:970.2,1007.20 6 0
franchise-saas-backend/internal/services/kpi_service.go:1007.20,1009.3 1 0
franchise-saas-backend/internal/services/kpi_service.go:1009.8,1009.26 1 0
franchise-saas-backend/internal/services/kpi_service.go:1009.26,1011.3 1 0
franchise-saas-backend/internal/services/kpi_service.go:1011.8,1011.26 1 0
franchise-saas-backend/internal/services/kpi_service.go:1011.26,1013.3 1 0
franchise-saas-backend/internal/services/kpi_service.go:1013.8,1015.3 1 0
franchise-saas-backend/internal/services/kpi_service.go:1016.2,1020.23 3 0
franchise-saas-backend/internal/services/kpi_service.go:1020.23,1022.3 1 0
franchise-saas-backend/internal/services/kpi_service.go:1022.8,1022.30 1 0
franchise-saas-backend/internal/services/kpi_service.go:1022.30,1024.3 1 0
franchise-saas-backend/internal/services/kpi_service.go:1024.8,1026.3 1 0
franchise-saas-backend/internal/services/kpi_service.go:1028.2,1028.18 1 0
franchise-saas-backend/internal/services/kpi_service.go:1032.133,1037.56 3 0
franchise-saas-backend/internal/services/kpi_service.go:1037.56,1039.3 1 0
franchise-saas-backend/internal/services/kpi_service.go:1042.2,1043.26 2 0
franchise-saas-backend/internal/services/kpi_service.go:1043.26,1045.3 1 0
franchise-saas-backend/internal/services/kpi_service.go:1047.2,1048.27 2 0
franchise-saas-backend/internal/services/kpi_service.go:1048.27,1049.90 1 0
franchise-saas-backend/internal/services/kpi_service.go:1049.90,1051.4 1 0
franchise-saas-backend/internal/services/kpi_service.go:1055.2,1056.31 2 0
franchise-saas-backend/internal/services/kpi_service.go:1056.31,1058.3 1 0
franchise-saas-backend/internal/services/kpi_service.go:1060.2,1060.24 1 0
franchise-saas-backend/internal/services/kpi_service.go:1060.24,1062.3 1 0
franchise-saas-backend/internal/services/kpi_service.go:1064.2,1065.19 2 0
franchise-saas-backend/internal/services/kpi_service.go:1065.19,1066.67 1 0
franchise-saas-backend/internal/services/kpi_service.go:1066.67,1068.4 1 0
franchise-saas-backend/internal/services/kpi_service.go:1070.2,1086.32 7 0
franchise-saas-backend/internal/services/kpi_service.go:1086.32,1088.3 1 0
franchise-saas-backend/internal/services/kpi_service.go:1091.2,1098.19 4 0
franchise-saas-backend/internal/services/kpi_service.go:1098.19,1100.24 2 0
franchise-saas-backend/internal/services/kpi_service.go:1100.24,1102.4 1 0
franchise-saas-backend/internal/services/kpi_service.go:1106.2,1121.18 10 0
franchise-saas-backend/internal/services/kpi_service.go:1125.133,1130.80 3 0
franchise-saas-backend/internal/services/kpi_service.go:1130.80,1132.3 1 0
franchise-saas-backend/internal/services/kpi_service.go:1134.2,1135.31 2 0
franchise-saas-backend/internal/services/kpi_service.go:1135.31,1137.3 1 0
franchise-saas-backend/internal/services/kpi_service.go:1139.2,1139.24 1 0
franchise-saas-backend/internal/services/kpi_service.go:1139.24,1141.3 1 0
franchise-saas-backend/internal/services/kpi_service.go:1143.2,1144.19 2 0
franchise-saas-backend/internal/services/kpi_service.go:1144.19,1145.67 1 0
franchise-saas-backend/internal/services/kpi_service.go:1145.67,1147.4 1 0
franchise-saas-backend/internal/services/kpi_service.go:1149.2,1174.16 7 0
franchise-saas-backend/internal/services/kpi_service.go:1174.16,1176.19 2 0
franchise-saas-backend/internal/services/kpi_service.go:1176.19,1180.4 3 0
franchise-saas-backend/internal/services/kpi_service.go:1182.3,1183.30 2 0
franchise-saas-backend/internal/services/kpi_service.go:1183.30,1185.4 1 0
franchise-saas-backend/internal/services/kpi_service.go:1187.3,1194.43 8 0
franchise-saas-backend/internal/services/kpi_service.go:1195.7,1198.3 1 0
franchise-saas-backend/internal/services/kpi_service.go:1201.2,1201.64 1 0
franchise-saas-backend/internal/services/kpi_service.go:1201.64,1211.3 9 0
franchise-saas-backend/internal/services/kpi_service.go:1214.2,1240.36 8 0
franchise-saas-backend/internal/services/kpi_service.go:1240.36,1242.23 2 0
franchise-saas-backend/internal/services/kpi_service.go:1242.23,1244.4 1 0
franchise-saas-backend/internal/services/kpi_service.go:1245.3,1250.5 1 0
franchise-saas-backend/internal/services/kpi_service.go:1253.2,1253.18 1 0
franchise-saas-backend/internal/services/kpi_service.go:1257.139,1262.80 3 0
franchise-saas-backend/internal/services/kpi_service.go:1262.80,1264.3 1 0
franchise-saas-backend/internal/services/kpi_service.go:1266.2,1267.31 2 0
franchise-saas-backend/internal/services/kpi_service.go:1267.31,1269.3 1 0
franchise-saas-backend/internal/services/kpi_service.go:1271.2,1271.24 1 0
franchise-saas-backend/internal/services/kpi_service.go:1271.24,1273.3 1 0
franchise-saas-backend/internal/services/kpi_service.go:1275.2,1276.19 2 0
franchise-saas-backend/internal/services/kpi_service.go:1276.19,1277.67 1 0
franchise-saas-backend/internal/services/kpi_service.go:1277.67,1279.4 1 0
franchise-saas-backend/internal/services/kpi_service.go:1282.2,1283.46 2 0
franchise-saas-backend/internal/services/kpi_service.go:1283.46,1287.3 3 0
franchise-saas-backend/internal/services/kpi_service.go:1289.2,1289.16 1 0
franchise-saas-backend/internal/services/kpi_service.go:1290.14,1292.23 2 0
franchise-saas-backend/internal/services/kpi_service.go:1293.17,1295.23 2 0
franchise-saas-backend/internal/services/kpi_service.go:1296.14,1298.23 2 0
franchise-saas-backend/internal/services/kpi_service.go:1299.10,1301.23 2 0
franchise-saas-backend/internal/services/kpi_service.go:1305.2,1322.31 8 0
franchise-saas-backend/internal/services/kpi_service.go:1322.31,1331.26 4 0
franchise-saas-backend/internal/services/kpi_service.go:1331.26,1336.4 1 0
franchise-saas-backend/internal/services/kpi_service.go:1339.3,1339.16 1 0
franchise-saas-backend/internal/services/kpi_service.go:1339.16,1343.4 1 0
franchise-saas-backend/internal/services/kpi_service.go:1346.3,1351.15 3 0
franchise-saas-backend/internal/services/kpi_service.go:1351.15,1353.4 1 0
franchise-saas-backend/internal/services/kpi_service.go:1355.3,1356.21 2 0
franchise-saas-backend/internal/services/kpi_service.go:1356.21,1358.4 1 0
franchise-saas-backend/internal/services/kpi_service.go:1358.9,1358.27 1 0
franchise-saas-backend/internal/services/kpi_service.go:1358.27,1360.4 1 0
franchise-saas-backend/internal/services/kpi_service.go:1362.3,1371.5 1 0
franchise-saas-backend/internal/services/kpi_service.go:1374.2,1374.18 1 0
franchise-saas-backend/internal/services/kpi_service.go:1378.135,1382.83 3 0
franchise-saas-backend/internal/services/kpi_service.go:1382.83,1384.3 1 0
franchise-saas-backend/internal/services/kpi_service.go:1386.2,1387.31 2 0
franchise-saas-backend/internal/services/kpi_service.go:1387.31,1388.25 1 0
franchise-saas-backend/internal/services/kpi_service.go:1388.25,1390.4 1 0
franchise-saas-backend/internal/services/kpi_service.go:1393.2,1393.24 1 0
franchise-saas-backend/internal/services/kpi_service.go:1393.24,1395.3 1 0
franchise-saas-backend/internal/services/kpi_service.go:1397.2,1398.19 2 0
franchise-saas-backend/internal/services/kpi_service.go:1398.19,1399.67 1 0
franchise-saas-backend/internal/services/kpi_service.go:1399.67,1401.4 1 0
franchise-saas-backend/internal/services/kpi_service.go:1403.2,1425.16 6 0
franchise-saas-backend/internal/services/kpi_service.go:1425.16,1427.19 2 0
franchise-saas-backend/internal/services/kpi_service.go:1427.19,1430.21 3 0
franchise-saas-backend/internal/services/kpi_service.go:1430.21,1432.5 1 0
franchise-saas-backend/internal/services/kpi_service.go:1436.2,1436.30 1 0
franchise-saas-backend/internal/services/kpi_service.go:1436.30,1438.28 2 0
franchise-saas-backend/internal/services/kpi_service.go:1438.28,1440.4 1 0
franchise-saas-backend/internal/services/kpi_service.go:1441.3,1447.5 1 0
franchise-saas-backend/internal/services/kpi_service.go:1451.2,1452.34 2 0
franchise-saas-backend/internal/services/kpi_service.go:1452.34,1461.3 1 0
franchise-saas-backend/internal/services/kpi_service.go:1463.2,1463.18 1 0
franchise-saas-backend/internal/services/kpi_service.go:1467.141,1472.56 3 0
franchise-saas-backend/internal/services/kpi_service.go:1472.56,1474.3 1 0
franchise-saas-backend/internal/services/kpi_service.go:1477.2,1478.87 2 0
franchise-saas-backend/internal/services/kpi_service.go:1478.87,1480.3 1 0
franchise-saas-backend/internal/services/kpi_service.go:1482.2,1483.31 2 0
franchise-saas-backend/internal/services/kpi_service.go:1483.31,1485.3 1 0
franchise-saas-backend/internal/services/kpi_service.go:1487.2,1487.24 1 0
franchise-saas-backend/internal/services/kpi_service.go:1487.24,1489.3 1 0
franchise-saas-backend/internal/services/kpi_service.go:1491.2,1492.19 2 0
franchise-saas-backend/internal/services/kpi_service.go:1492.19,1493.67 1 0
franchise-saas-backend/internal/services/kpi_service.go:1493.67,1495.4 1 0
franchise-saas-backend/internal/services/kpi_service.go:1497.2,1513.19 7 0
franchise-saas-backend/internal/services/kpi_service.go:1513.19,1515.3 1 0
franchise-saas-backend/internal/services/kpi_service.go:1518.2,1522.19 5 0
franchise-saas-backend/internal/services/kpi_service.go:1522.19,1524.3 1 0
franchise-saas-backend/internal/services/kpi_service.go:1527.2,1532.20 5 0
franchise-saas-backend/internal/services/kpi_service.go:1532.20,1534.3 1 0
franchise-saas-backend/internal/services/kpi_service.go:1536.2,1542.18 6 0
franchise-saas-backend/internal/services/kpi_service.go:1546.149,1551.126 3 0
franchise-saas-backend/internal/services/kpi_service.go:1551.126,1553.3 1 0
franchise-saas-backend/internal/services/kpi_service.go:1555.2,1555.24 1 0
franchise-saas-backend/internal/services/kpi_service.go:1555.24,1557.3 1 0
franchise-saas-backend/internal/services/kpi_service.go:1560.2,1561.29 2 0
franchise-saas-backend/internal/services/kpi_service.go:1561.29,1563.3 1 0
franchise-saas-backend/internal/services/kpi_service.go:1565.2,1566.119 2 0
franchise-saas-backend/internal/services/kpi_service.go:1566.119,1568.3 1 0
franchise-saas-backend/internal/services/kpi_service.go:1570.2,1570.23 1 0
franchise-saas-backend/internal/services/kpi_service.go:1570.23,1572.3 1 0
franchise-saas-backend/internal/services/kpi_service.go:1574.2,1575.28 2 0
franchise-saas-backend/internal/services/kpi_service.go:1575.28,1577.3 1 0
franchise-saas-backend/internal/services/kpi_service.go:1579.2,1580.19 2 0
franchise-saas-backend/internal/services/kpi_service.go:1580.19,1581.67 1 0
franchise-saas-backend/internal/services/kpi_service.go:1581.67,1583.4 1 0
franchise-saas-backend/internal/services/kpi_service.go:1586.2,1587.16 2 0
franchise-saas-backend/internal/services/kpi_service.go:1588.14,1590.23 2 0
franchise-saas-backend/internal/services/kpi_service.go:1591.17,1595.23 4 0
franchise-saas-backend/internal/services/kpi_service.go:1596.10,1598.23 2 0
franchise-saas-backend/internal/services/kpi_service.go:1602.2,1602.33 1 0
franchise-saas-backend/internal/services/kpi_service.go:1602.33,1612.15 5 0
franchise-saas-backend/internal/services/kpi_service.go:1612.15,1614.4 1 0
franchise-saas-backend/internal/services/kpi_service.go:1617.3,1621.20 4 0
franchise-saas-backend/internal/services/kpi_service.go:1621.20,1623.4 1 0
franchise-saas-backend/internal/services/kpi_service.go:1623.9,1623.27 1 0
franchise-saas-backend/internal/services/kpi_service.go:1623.27,1625.4 1 0
franchise-saas-backend/internal/services/kpi_service.go:1627.3,1635.5 1 0
franchise-saas-backend/internal/services/kpi_service.go:1639.2,1652.33 5 0
franchise-saas-backend/internal/services/kpi_service.go:1652.33,1653.29 1 0
franchise-saas-backend/internal/services/kpi_service.go:1653.29,1657.33 3 0
franchise-saas-backend/internal/services/kpi_service.go:1657.33,1659.5 1 0
franchise-saas-backend/internal/services/kpi_service.go:1663.2,1663.23 1 0
franchise-saas-backend/internal/services/kpi_service.go:1663.23,1667.3 1 0
franchise-saas-backend/internal/services/kpi_service.go:1670.2,1670.26 1 0
franchise-saas-backend/internal/services/kpi_service.go:1670.26,1672.3 1 0
franchise-saas-backend/internal/services/kpi_service.go:1672.8,1674.3 1 0
franchise-saas-backend/internal/services/kpi_service.go:1677.2,1678.19 2 0
franchise-saas-backend/internal/services/kpi_service.go:1678.19,1680.3 1 0
franchise-saas-backend/internal/services/kpi_service.go:1683.2,1685.20 3 0
franchise-saas-backend/internal/services/kpi_service.go:1685.20,1688.3 2 0
franchise-saas-backend/internal/services/kpi_service.go:1689.2,1690.19 2 0
franchise-saas-backend/internal/services/kpi_service.go:1690.19,1692.3 1 0
franchise-saas-backend/internal/services/kpi_service.go:1695.2,1696.33 2 0
franchise-saas-backend/internal/services/kpi_service.go:1696.33,1699.29 2 0
franchise-saas-backend/internal/services/kpi_service.go:1699.29,1702.33 3 0
franchise-saas-backend/internal/services/kpi_service.go:1702.33,1704.5 1 0
franchise-saas-backend/internal/services/kpi_service.go:1707.3,1712.42 3 0
franchise-saas-backend/internal/services/kpi_service.go:1712.42,1717.33 3 0
franchise-saas-backend/internal/services/kpi_service.go:1717.33,1719.5 1 0
franchise-saas-backend/internal/services/kpi_service.go:1724.2,1725.23 2 0
franchise-saas-backend/internal/services/kpi_service.go:1725.23,1727.3 1 0
franchise-saas-backend/internal/services/kpi_service.go:1729.2,1740.18 2 0
franchise-saas-backend/internal/services/kpi_service.go:1744.123,1749.126 3 0
franchise-saas-backend/internal/services/kpi_service.go:1749.126,1751.3 1 0
franchise-saas-backend/internal/services/kpi_service.go:1753.2,1753.24 1 0
franchise-saas-backend/internal/services/kpi_service.go:1753.24,1755.3 1 0
franchise-saas-backend/internal/services/kpi_service.go:1757.2,1758.29 2 0
franchise-saas-backend/internal/services/kpi_service.go:1758.29,1760.3 1 0
franchise-saas-backend/internal/services/kpi_service.go:1762.2,1763.119 2 0
franchise-saas-backend/internal/services/kpi_service.go:1763.119,1765.3 1 0
franchise-saas-backend/internal/services/kpi_service.go:1767.2,1768.28 2 0
franchise-saas-backend/internal/services/kpi_service.go:1768.28,1770.3 1 0
franchise-saas-backend/internal/services/kpi_service.go:1772.2,1772.25 1 0
franchise-saas-backend/internal/services/kpi_service.go:1772.25,1774.3 1 0
franchise-saas-backend/internal/services/kpi_service.go:1777.2,1781.20 4 0
franchise-saas-backend/internal/services/kpi_service.go:1781.20,1783.3 1 0
franchise-saas-backend/internal/services/kpi_service.go:1783.8,1785.3 1 0
franchise-saas-backend/internal/services/kpi_service.go:1788.2,1788.33 1 0
franchise-saas-backend/internal/services/kpi_service.go:1788.33,1794.16 3 0
franchise-saas-backend/internal/services/kpi_service.go:1794.16,1801.4 1 0
franchise-saas-backend/internal/services/kpi_service.go:1805.2,1809.18 4 0
franchise-saas-backend/internal/services/kpi_service.go:1813.119,1818.126 3 0
franchise-saas-backend/internal/services/kpi_service.go:1818.126,1820.3 1 0
franchise-saas-backend/internal/services/kpi_service.go:1822.2,1822.31 1 0
franchise-saas-backend/internal/services/kpi_service.go:1822.31,1833.3 3 0
franchise-saas-backend/internal/services/kpi_service.go:1835.2,1835.18 1 0
franchise-saas-backend/internal/services/kpi_service.go:1839.139,1844.114 3 0
franchise-saas-backend/internal/services/kpi_service.go:1844.114,1846.3 1 0
franchise-saas-backend/internal/services/kpi_service.go:1848.2,1848.23 1 0
franchise-saas-backend/internal/services/kpi_service.go:1848.23,1850.3 1 0
franchise-saas-backend/internal/services/kpi_service.go:1852.2,1853.28 2 0
franchise-saas-backend/internal/services/kpi_service.go:1853.28,1855.3 1 0
franchise-saas-backend/internal/services/kpi_service.go:1857.2,1858.19 2 0
franchise-saas-backend/internal/services/kpi_service.go:1858.19,1859.67 1 0
franchise-saas-backend/internal/services/kpi_service.go:1859.67,1861.4 1 0
franchise-saas-backend/internal/services/kpi_service.go:1863.2,1875.19 6 0
franchise-saas-backend/internal/services/kpi_service.go:1875.19,1877.3 1 0
franchise-saas-backend/internal/services/kpi_service.go:1880.2,1884.19 5 0
franchise-saas-backend/internal/services/kpi_service.go:1884.19,1886.3 1 0
franchise-saas-backend/internal/services/kpi_service.go:1889.2,1890.33 2 0
franchise-saas-backend/internal/services/kpi_service.go:1890.33,1895.49 3 0
franchise-saas-backend/internal/services/kpi_service.go:1895.49,1897.4 1 0
franchise-saas-backend/internal/services/kpi_service.go:1899.2,1907.20 6 0
franchise-saas-backend/internal/services/kpi_service.go:1907.20,1909.3 1 0
franchise-saas-backend/internal/services/kpi_service.go:1911.2,1913.18 2 0
franchise-saas-backend/internal/services/kpi_service.go:1917.145,1921.114 3 0
franchise-saas-backend/internal/services/kpi_service.go:1921.114,1923.3 1 0
franchise-saas-backend/internal/services/kpi_service.go:1925.2,1926.28 2 0
franchise-saas-backend/internal/services/kpi_service.go:1926.28,1928.3 1 0
franchise-saas-backend/internal/services/kpi_service.go:1930.2,1930.25 1 0
franchise-saas-backend/internal/services/kpi_service.go:1930.25,1932.3 1 0
franchise-saas-backend/internal/services/kpi_service.go:1934.2,1935.19 2 0
franchise-saas-backend/internal/services/kpi_service.go:1935.19,1936.67 1 0
franchise-saas-backend/internal/services/kpi_service.go:1936.67,1938.4 1 0
franchise-saas-backend/internal/services/kpi_service.go:1942.2,1955.18 7 0
franchise-saas-backend/internal/services/kpi_service.go:1959.140,1963.114 3 0
franchise-saas-backend/internal/services/kpi_service.go:1963.114,1965.3 1 0
franchise-saas-backend/internal/services/kpi_service.go:1967.2,1968.28 2 0
franchise-saas-backend/internal/services/kpi_service.go:1968.28,1970.3 1 0
franchise-saas-backend/internal/services/kpi_service.go:1972.2,1972.25 1 0
franchise-saas-backend/internal/services/kpi_service.go:1972.25,1974.3 1 0
franchise-saas-backend/internal/services/kpi_service.go:1976.2,1978.16 3 0
franchise-saas-backend/internal/services/kpi_service.go:1979.14,1981.16 2 0
franchise-saas-backend/internal/services/kpi_service.go:1982.17,1986.16 4 0
franchise-saas-backend/internal/services/kpi_service.go:1987.10,1989.16 2 0
franchise-saas-backend/internal/services/kpi_service.go:1993.2,1993.33 1 0
franchise-saas-backend/internal/services/kpi_service.go:1993.33,2003.15 5 0
franchise-saas-backend/internal/services/kpi_service.go:2003.15,2005.4 1 0
franchise-saas-backend/internal/services/kpi_service.go:2007.3,2013.5 1 0
franchise-saas-backend/internal/services/kpi_service.go:2017.2,2028.18 6 0
franchise-saas-backend/internal/services/kpi_service.go:2032.137,2037.114 3 0
franchise-saas-backend/internal/services/kpi_service.go:2037.114,2039.3 1 0
franchise-saas-backend/internal/services/kpi_service.go:2041.2,2042.28 2 0
franchise-saas-backend/internal/services/kpi_service.go:2042.28,2044.3 1 0
franchise-saas-backend/internal/services/kpi_service.go:2047.2,2048.24 2 0
franchise-saas-backend/internal/services/kpi_service.go:2048.24,2050.3 1 0
franchise-saas-backend/internal/services/kpi_service.go:2052.2,2052.29 1 0
franchise-saas-backend/internal/services/kpi_service.go:2052.29,2060.3 1 0
franchise-saas-backend/internal/services/kpi_service.go:2063.2,2069.18 4 0
franchise-saas-backend/internal/services/kpi_service.go:2073.129,2077.114 3 0
franchise-saas-backend/internal/services/kpi_service.go:2077.114,2079.3 1 0
franchise-saas-backend/internal/services/kpi_service.go:2081.2,2082.28 2 0
franchise-saas-backend/internal/services/kpi_service.go:2082.28,2084.3 1 0
franchise-saas-backend/internal/services/kpi_service.go:2086.2,2086.25 1 0
franchise-saas-backend/internal/services/kpi_service.go:2086.25,2088.3 1 0
franchise-saas-backend/internal/services/kpi_service.go:2091.2,2096.20 5 0
franchise-saas-backend/internal/services/kpi_service.go:2096.20,2098.3 1 0
franchise-saas-backend/internal/services/kpi_service.go:2101.2,2111.18 6 0
franchise-saas-backend/internal/services/kpi_service.go:2116.113,2122.16 4 0
franchise-saas-backend/internal/services/kpi_service.go:2122.16,2124.3 1 0
franchise-saas-backend/internal/services/kpi_service.go:2127.2,2143.16 3 0
franchise-saas-backend/internal/services/kpi_service.go:2143.16,2145.3 1 0
franchise-saas-backend/internal/services/kpi_service.go:2146.2,2149.18 3 0
franchise-saas-backend/internal/services/kpi_service.go:2149.18,2165.3 4 0
franchise-saas-backend/internal/services/kpi_service.go:2167.2,2169.31 3 0
franchise-saas-backend/internal/services/kpi_service.go:2169.31,2170.18 1 0
franchise-saas-backend/internal/services/kpi_service.go:2170.18,2172.4 1 0
franchise-saas-backend/internal/services/kpi_service.go:2175.2,2175.18 1 0
franchise-saas-backend/internal/services/kpi_service.go:2178.97,2184.2 1 0
franchise-saas-backend/internal/services/kpi_service.go:2188.140,2203.24 5 0
franchise-saas-backend/internal/services/kpi_service.go:2203.24,2206.3 2 0
franchise-saas-backend/internal/services/kpi_service.go:2207.2,2210.16 3 0
franchise-saas-backend/internal/services/kpi_service.go:2210.16,2212.3 1 0
franchise-saas-backend/internal/services/kpi_service.go:2213.2,2215.18 2 0
franchise-saas-backend/internal/services/kpi_service.go:2215.18,2227.3 3 0
franchise-saas-backend/internal/services/kpi_service.go:2229.2,2231.34 3 0
franchise-saas-backend/internal/services/kpi_service.go:2231.34,2232.28 1 0
franchise-saas-backend/internal/services/kpi_service.go:2232.28,2234.4 1 0
franchise-saas-backend/internal/services/kpi_service.go:2237.2,2237.18 1 0
franchise-saas-backend/internal/services/kpi_service.go:2240.132,2245.2 1 0
franchise-saas-backend/internal/services/kpi_service.go:2249.149,2266.16 5 0
franchise-saas-backend/internal/services/kpi_service.go:2266.16,2270.3 2 0
franchise-saas-backend/internal/services/kpi_service.go:2270.8,2273.3 2 0
franchise-saas-backend/internal/services/kpi_service.go:2275.2,2276.26 2 0
franchise-saas-backend/internal/services/kpi_service.go:2276.26,2278.3 1 0
franchise-saas-backend/internal/services/kpi_service.go:2280.2,2280.18 1 0
franchise-saas-backend/internal/services/kpi_service.go:2285.115,2305.16 4 0
franchise-saas-backend/internal/services/kpi_service.go:2305.16,2307.3 1 0
franchise-saas-backend/internal/services/kpi_service.go:2308.2,2310.18 2 0
franchise-saas-backend/internal/services/kpi_service.go:2310.18,2315.62 4 0
franchise-saas-backend/internal/services/kpi_service.go:2315.62,2317.4 1 0
franchise-saas-backend/internal/services/kpi_service.go:2317.9,2317.42 1 0
franchise-saas-backend/internal/services/kpi_service.go:2317.42,2319.4 1 0
franchise-saas-backend/internal/services/kpi_service.go:2321.3,2321.16 1 0
franchise-saas-backend/internal/services/kpi_service.go:2321.16,2329.4 1 0
franchise-saas-backend/internal/services/kpi_service.go:2332.2,2333.18 2 0
franchise-saas-backend/internal/services/kpi_service.go:2336.96,2342.2 1 0
franchise-saas-backend/internal/services/kpi_service.go:2344.91,2350.2 1 0
franchise-saas-backend/internal/services/kpi_service.go:2353.140,2359.25 3 0
franchise-saas-backend/internal/services/kpi_service.go:2359.25,2361.3 1 0
franchise-saas-backend/internal/services/kpi_service.go:2363.2,2364.51 2 0
franchise-saas-backend/internal/services/kpi_service.go:2364.51,2366.3 1 0
franchise-saas-backend/internal/services/kpi_service.go:2368.2,2368.33 1 0
franchise-saas-backend/internal/services/kpi_service.go:2368.33,2382.15 6 0
franchise-saas-backend/internal/services/kpi_service.go:2382.15,2384.4 1 0
franchise-saas-backend/internal/services/kpi_service.go:2386.3,2387.19 2 0
franchise-saas-backend/internal/services/kpi_service.go:2387.19,2389.4 1 0
franchise-saas-backend/internal/services/kpi_service.go:2389.9,2389.26 1 0
franchise-saas-backend/internal/services/kpi_service.go:2389.26,2391.4 1 0
franchise-saas-backend/internal/services/kpi_service.go:2393.3,2401.5 1 0
franchise-saas-backend/internal/services/kpi_service.go:2404.2,2405.18 2 0
franchise-saas-backend/internal/services/kpi_service.go:2409.142,2415.37 3 0
franchise-saas-backend/internal/services/kpi_service.go:2415.37,2417.3 1 0
franchise-saas-backend/internal/services/kpi_service.go:2419.2,2420.77 2 0
franchise-saas-backend/internal/services/kpi_service.go:2420.77,2422.3 1 0
franchise-saas-backend/internal/services/kpi_service.go:2424.2,2424.31 1 0
franchise-saas-backend/internal/services/kpi_service.go:2424.31,2438.3 3 0
franchise-saas-backend/internal/services/kpi_service.go:2440.2,2442.18 3 0
franchise-saas-backend/internal/services/kpi_service.go:2446.127,2451.128 4 0
franchise-saas-backend/internal/services/kpi_service.go:2451.128,2453.3 1 0
franchise-saas-backend/internal/services/kpi_service.go:2455.2,2456.29 2 0
franchise-saas-backend/internal/services/kpi_service.go:2456.29,2464.29 6 0
franchise-saas-backend/internal/services/kpi_service.go:2464.29,2466.4 1 0
franchise-saas-backend/internal/services/kpi_service.go:2468.3,2469.25 2 0
franchise-saas-backend/internal/services/kpi_service.go:2469.25,2471.4 1 0
franchise-saas-backend/internal/services/kpi_service.go:2473.3,2479.5 1 0
franchise-saas-backend/internal/services/kpi_service.go:2481.2,2482.18 2 0
franchise-saas-backend/internal/services/kpi_service.go:2486.128,2490.21 3 0
franchise-saas-backend/internal/services/kpi_service.go:2490.21,2492.3 1 0
franchise-saas-backend/internal/services/kpi_service.go:2494.2,2494.25 1 0
franchise-saas-backend/internal/services/kpi_service.go:2494.25,2500.3 2 0
franchise-saas-backend/internal/services/kpi_service.go:2501.2,2501.18 1 0
franchise-saas-backend/internal/services/kpi_service.go:2505.119,2509.16 3 0
franchise-saas-backend/internal/services/kpi_service.go:2509.16,2511.3 1 0
franchise-saas-backend/internal/services/kpi_service.go:2513.2,2514.115 2 0
franchise-saas-backend/internal/services/kpi_service.go:2514.115,2516.3 1 0
franchise-saas-backend/internal/services/kpi_service.go:2518.2,2518.28 1 0
franchise-saas-backend/internal/services/kpi_service.go:2518.28,2521.20 3 0
franchise-saas-backend/internal/services/kpi_service.go:2521.20,2523.4 1 0
franchise-saas-backend/internal/services/kpi_service.go:2523.9,2523.26 1 0
franchise-saas-backend/internal/services/kpi_service.go:2523.26,2525.4 1 0
franchise-saas-backend/internal/services/kpi_service.go:2527.3,2533.5 1 0
franchise-saas-backend/internal/services/kpi_service.go:2535.2,2535.18 1 0
franchise-saas-backend/internal/services/kpi_service.go:2543.10,2545.2 1 0
franchise-saas-backend/internal/services/kpi_service.go:2548.124,2550.2 1 0
franchise-saas-backend/internal/services/kpi_service.go:2553.122,2560.2 1 0
franchise-saas-backend/internal/services/kpi_service.go:2563.125,2565.2 1 0
franchise-saas-backend/internal/services/kpi_service.go:2568.123,2571.2 2 0
franchise-saas-backend/internal/services/kpi_service.go:2574.112,2576.2 1 0
franchise-saas-backend/internal/services/kpi_service.go:2579.121,2581.2 1 0
franchise-saas-backend/internal/services/kpi_service.go:2584.107,2593.2 1 0
franchise-saas-backend/internal/services/kpi_service.go:2596.117,2598.2 1 0
franchise-saas-backend/internal/services/kpi_service.go:2601.125,2610.2 1 0
franchise-saas-backend/internal/services/kpi_service.go:2613.135,2615.2 1 0
franchise-saas-backend/internal/services/kpi_service.go:2618.113,2620.2 1 0
franchise-saas-backend/internal/services/kpi_service.go:2623.109,2625.2 1 0
franchise-saas-backend/internal/services/kpi_service.go:2628.104,2630.2 1 0
franchise-saas-backend/internal/services/kpi_service.go:2633.99,2635.2 1 0
franchise-saas-backend/internal/services/lead_service.go:16.67,18.2 1 0
franchise-saas-backend/internal/services/lead_service.go:23.126,28.25 1 0
franchise-saas-backend/internal/services/lead_service.go:28.25,30.3 1 0
franchise-saas-backend/internal/services/lead_service.go:33.2,45.53 2 0
franchise-saas-backend/internal/services/lead_service.go:45.53,47.3 1 0
franchise-saas-backend/internal/services/lead_service.go:48.2,48.18 1 0
franchise-saas-backend/internal/services/lead_service.go:51.99,53.2 1 0
franchise-saas-backend/internal/services/lead_service.go:55.107,58.16 2 0
franchise-saas-backend/internal/services/lead_service.go:58.16,60.3 1 0
franchise-saas-backend/internal/services/lead_service.go:61.2,61.53 1 0
franchise-saas-backend/internal/services/lead_service.go:64.123,72.2 2 0
franchise-saas-backend/internal/services/lead_service.go:74.133,76.16 2 0
franchise-saas-backend/internal/services/lead_service.go:76.16,78.3 1 0
franchise-saas-backend/internal/services/lead_service.go:79.2,80.16 2 0
franchise-saas-backend/internal/services/lead_service.go:80.16,82.3 1 0
franchise-saas-backend/internal/services/lead_service.go:83.2,83.30 1 0
franchise-saas-backend/internal/services/notification_service.go:15.91,17.2 1 0
franchise-saas-backend/internal/services/notification_service.go:19.120,21.2 1 0
franchise-saas-backend/internal/services/notification_service.go:23.83,25.2 1 0
franchise-saas-backend/internal/services/notification_service.go:27.92,29.2 1 0
franchise-saas-backend/internal/services/notification_service.go:32.151,41.2 2 0
franchise-saas-backend/internal/services/plan_services.go:36.62,36.94 1 0
franchise-saas-backend/internal/services/plan_services.go:38.96,45.46 2 0
franchise-saas-backend/internal/services/plan_services.go:45.46,47.3 1 0
franchise-saas-backend/internal/services/plan_services.go:48.2,48.15 1 0
franchise-saas-backend/internal/services/plan_services.go:50.85,52.2 1 0
franchise-saas-backend/internal/services/plan_services.go:53.114,55.2 1 0
franchise-saas-backend/internal/services/plan_services.go:56.107,58.16 2 0
franchise-saas-backend/internal/services/plan_services.go:58.16,60.3 1 0
franchise-saas-backend/internal/services/plan_services.go:61.2,61.21 1 0
franchise-saas-backend/internal/services/plan_services.go:61.21,63.3 1 0
franchise-saas-backend/internal/services/plan_services.go:64.2,64.22 1 0
franchise-saas-backend/internal/services/plan_services.go:64.22,66.3 1 0
franchise-saas-backend/internal/services/plan_services.go:67.2,67.26 1 0
franchise-saas-backend/internal/services/plan_services.go:67.26,69.3 1 0
franchise-saas-backend/internal/services/plan_services.go:70.2,70.25 1 0
franchise-saas-backend/internal/services/plan_services.go:70.25,72.3 1 0
franchise-saas-backend/internal/services/plan_services.go:73.2,73.53 1 0
franchise-saas-backend/internal/services/plan_services.go:73.53,75.3 1 0
franchise-saas-backend/internal/services/plan_services.go:76.2,76.22 1 0
franchise-saas-backend/internal/services/plan_services.go:78.72,80.51 1 0
franchise-saas-backend/internal/services/plan_services.go:80.51,82.3 1 0
franchise-saas-backend/internal/services/plan_services.go:83.2,83.31 1 0
franchise-saas-backend/internal/services/schedule_service.go:16.79,18.2 1 0
franchise-saas-backend/internal/services/schedule_service.go:20.130,22.2 1 0
franchise-saas-backend/internal/services/schedule_service.go:24.95,26.2 1 0
franchise-saas-backend/internal/services/schedule_service.go:28.101,30.2 1 0
franchise-saas-backend/internal/services/schedule_service.go:35.134,37.2 1 0
franchise-saas-backend/internal/services/schedule_service.go:40.121,43.22 2 0
franchise-saas-backend/internal/services/schedule_service.go:43.22,45.3 1 0
franchise-saas-backend/internal/services/schedule_service.go:46.2,46.28 1 0
franchise-saas-backend/internal/services/schedule_service.go:46.28,48.3 1 0
franchise-saas-backend/internal/services/schedule_service.go:49.2,49.23 1 0
franchise-saas-backend/internal/services/schedule_service.go:49.23,51.3 1 0
franchise-saas-backend/internal/services/schedule_service.go:52.2,52.25 1 0
franchise-saas-backend/internal/services/schedule_service.go:52.25,54.3 1 0
franchise-saas-backend/internal/services/schedule_service.go:57.2,57.26 1 0
franchise-saas-backend/internal/services/schedule_service.go:57.26,58.69 1 0
franchise-saas-backend/internal/services/schedule_service.go:58.69,60.4 1 0
franchise-saas-backend/internal/services/schedule_service.go:62.2,62.24 1 0
franchise-saas-backend/internal/services/schedule_service.go:62.24,63.67 1 0
franchise-saas-backend/internal/services/schedule_service.go:63.67,65.4 1 0
franchise-saas-backend/internal/services/schedule_service.go:68.2,68.45 1 0
franchise-saas-backend/internal/services/schedule_service.go:72.80,74.2 1 0
franchise-saas-backend/internal/services/user_service.go:22.47,27.2 1 0
franchise-saas-backend/internal/services/user_service.go:31.74,33.2 1 0
franchise-saas-backend/internal/services/user_service.go:35.107,43.16 3 0
franchise-saas-backend/internal/services/user_service.go:43.16,45.3 1 0
franchise-saas-backend/internal/services/user_service.go:46.2,46.61 1 0
franchise-saas-backend/internal/services/user_service.go:49.95,51.16 2 0
franchise-saas-backend/internal/services/user_service.go:51.16,53.3 1 0
franchise-saas-backend/internal/services/user_service.go:54.2,55.16 2 0
franchise-saas-backend/internal/services/user_service.go:55.16,57.3 1 0
franchise-saas-backend/internal/services/user_service.go:58.2,59.16 2 0
franchise-saas-backend/internal/services/user_service.go:59.16,61.3 1 0
franchise-saas-backend/internal/services/user_service.go:62.2,66.78 2 0
franchise-saas-backend/internal/services/user_service.go:71.79,73.2 1 0
franchise-saas-backend/internal/services/user_service.go:76.155,78.50 1 0
franchise-saas-backend/internal/services/user_service.go:78.50,79.77 1 0
franchise-saas-backend/internal/services/user_service.go:79.77,81.4 1 0
franchise-saas-backend/internal/services/user_service.go:86.2,86.63 1 0
franchise-saas-backend/internal/services/user_service.go:86.63,88.3 1 0
franchise-saas-backend/internal/services/user_service.go:91.2,92.16 2 0
franchise-saas-backend/internal/services/user_service.go:92.16,94.3 1 0
franchise-saas-backend/internal/services/user_service.go:95.2,96.22 2 0
franchise-saas-backend/internal/services/user_service.go:96.22,98.3 1 0
franchise-saas-backend/internal/services/user_service.go:101.2,112.75 2 0
franchise-saas-backend/internal/services/user_service.go:112.75,114.3 1 0
franchise-saas-backend/internal/services/user_service.go:115.2,115.19 1 0
franchise-saas-backend/internal/services/user_service.go:118.122,120.16 2 0
franchise-saas-backend/internal/services/user_service.go:120.16,122.3 1 0
franchise-saas-backend/internal/services/user_service.go:123.2,124.25 2 0
franchise-saas-backend/internal/services/user_service.go:124.25,126.3 1 0
franchise-saas-backend/internal/services/user_service.go:127.2,127.24 1 0
franchise-saas-backend/internal/services/user_service.go:127.24,129.3 1 0
franchise-saas-backend/internal/services/user_service.go:130.2,130.21 1 0
franchise-saas-backend/internal/services/user_service.go:130.21,132.3 1 0
franchise-saas-backend/internal/services/user_service.go:133.2,133.20 1 0
franchise-saas-backend/internal/services/user_service.go:133.20,134.77 1 0
franchise-saas-backend/internal/services/user_service.go:134.77,136.4 1 0
franchise-saas-backend/internal/services/user_service.go:137.3,137.32 1 0
franchise-saas-backend/internal/services/user_service.go:139.2,139.26 1 0
franchise-saas-backend/internal/services/user_service.go:139.26,141.3 1 0
franchise-saas-backend/internal/services/user_service.go:143.2,143.94 1 0
franchise-saas-backend/internal/services/user_service.go:143.94,145.3 1 0
franchise-saas-backend/internal/services/user_service.go:146.2,146.61 1 0
franchise-saas-backend/internal/services/user_service.go:149.72,151.16 2 0
franchise-saas-backend/internal/services/user_service.go:151.16,153.3 1 0
franchise-saas-backend/internal/services/user_service.go:154.2,154.60 1 0
franchise-saas-backend/internal/services/user_service.go:159.66,161.2 1 0
franchise-saas-backend/internal/services/user_service.go:166.121,173.58 3 0
franchise-saas-backend/internal/services/user_service.go:173.58,175.3 1 0
franchise-saas-backend/internal/services/user_service.go:176.2,176.19 1 0
franchise-saas-backend/internal/services/user_service.go:180.100,184.16 3 0
franchise-saas-backend/internal/services/user_service.go:184.16,186.3 1 0
franchise-saas-backend/internal/services/user_service.go:188.2,188.22 1 0
franchise-saas-backend/internal/services/user_service.go:188.22,190.3 1 0
franchise-saas-backend/internal/services/user_service.go:192.2,193.27 2 0
franchise-saas-backend/internal/services/user_service.go:193.27,195.3 1 0
franchise-saas-backend/internal/services/user_service.go:197.2,198.101 2 0
franchise-saas-backend/internal/services/user_service.go:198.101,201.3 2 0
franchise-saas-backend/internal/services/user_service.go:203.2,204.29 2 0
franchise-saas-backend/internal/services/user_service.go:204.29,205.23 1 0
franchise-saas-backend/internal/services/user_service.go:205.23,207.4 1 0
franchise-saas-backend/internal/services/user_service.go:210.2,210.24 1 0
franchise-saas-backend/internal/services/user_service.go:210.24,211.46 1 0
franchise-saas-backend/internal/services/user_service.go:211.46,213.4 1 0
franchise-saas-backend/internal/services/user_service.go:216.2,216.20 1 0
franchise-saas-backend/internal/services/user_service.go:220.101,223.2 2 0
franchise-saas-backend/internal/services/user_service.go:226.99,228.85 2 0
franchise-saas-backend/internal/services/user_service.go:228.85,230.3 1 0
franchise-saas-backend/internal/services/user_service.go:231.2,231.20 1 0
franchise-saas-backend/internal/services/user_service.go:235.120,237.16 2 0
franchise-saas-backend/internal/services/user_service.go:237.16,239.3 1 0
franchise-saas-backend/internal/services/user_service.go:241.2,244.64 3 0
franchise-saas-backend/internal/services/user_service.go:244.64,246.3 1 0
franchise-saas-backend/internal/services/user_service.go:247.2,247.19 1 0
franchise-saas-backend/internal/services/user_service.go:251.81,254.2 2 0
